ASxxxx Linker V03.00 + NoICE + sdld,  page 1.
Hexadecimal  [32-Bits]

Area                                    Addr        Size        Decimal Bytes (Attributes)
--------------------------------        ----        ----        ------- ----- ------------
.  .ABS.                            00000000    00000000 =           0. bytes (ABS,CON)

      Value  Global                              Global Defined In Module
      -----  --------------------------------   ------------------------
     00000000  .__.ABS.                           
     00000000  l__CABS                         
     00000000  l__DABS                         
     00000000  l__GSFINAL                      
     00000000  l__GSINIT                       
     00000000  l__INITIALIZED                  
     00000000  l__INITIALIZER                  
     00000000  l__g_tablatrans_                
     00000000  s__CABS                         
     00000000  s__DABS                         
     00000000  s__g_tablatrans_                
     00000000  s__g_tablatrans_0               
     00000006  l__DATA                         
     00000100  l__g_tablatrans_0               
     00000300  s__CODE                         
     0000080A  l__CSEG                         
     0000084D  l__HOME                         
     00001883  l__CODE                         
     00001B83  s__DATA                         
     00001B89  s__HOME                         
     00001B89  s__INITIALIZED                  
     000023D6  s__CSEG                         
     000023D6  s__GSFINAL                      
     000023D6  s__GSINIT                       
     00002BE0  s__INITIALIZER                  

ASxxxx Linker V03.00 + NoICE + sdld,  page 2.
Hexadecimal  [32-Bits]

Area                                    Addr        Size        Decimal Bytes (Attributes)
--------------------------------        ----        ----        ------- ----- ------------
_CODE                               00000300    00001883 =        6275. bytes (REL,CON)

      Value  Global                              Global Defined In Module
      -----  --------------------------------   ------------------------
     00000300  _dummy_cpct_transparentMaskTable   main
     00000300  _sine                              trig
     0000038C  _sine_table                        trig
     00000442  _cosine                            trig
     0000048C  _maxi16                            trig
     000004B5  _mini16                            trig
     000004DE  _wait4OneKey                       util
     000004ED  _g_font_chars                      font_chars
     000007E1  _strLength                         text
     000007F7  _swapColors                        text
     0000080F  _strCopy                           text
     00000838  _drawText                          text
     00000C42  _cpct_isKeyPressed                 cpct_keyboard
     00000C42  cpct_isKeyPressed_asm              cpct_keyboard
     00000C4E  _cpct_scanKeyboard_f               cpct_keyboard
     00000C4E  cpct_scanKeyboard_f_asm            cpct_keyboard
     00000CB8  _cpct_drawSprite                   cpct_sprites
     00000D5D  _abs                               
     00000D69  _cpct_keyboardStatusBuffer         cpct_keyboard
     00000D73  __mulint                           
     00000D79  __mul16                            
     00000D8D  _cpct_waitHalts                    cpct_memutils
     00000DB2  _vsprintf                          sprintf
     00000DE7  _sprintf                           sprintf
     00000E1C  _cpct_isAnyKeyPressed              cpct_keyboard
     00000E1C  cpct_isAnyKeyPressed_asm           cpct_keyboard
     00000E29  _cpct_setVideoMode                 cpct_video
     00000E37  _cpct_px2byteM0                    cpct_sprites
     00000E53  _cpct_drawSolidBox                 cpct_sprites
     00000EFC  __modschar                         
     00000F09  __modsint                          
     00000F15  _cpct_mode_rom_status              cpct_firmware
     00000F16  _cpct_drawSpriteMaskedAlignedTab   cpct_sprites
     00000F51  _cpct_getScreenPtr                 cpct_video
     00000F71  _cpct_setInterruptHandler          cpct_firmware
     00000F71  cpct_setInterruptHandler_asm       cpct_firmware
     00000F82  cpct_safeInterruptHandlerHook      cpct_firmware
     00001098  __print_format                     printf_large
     00001ADA  __divsint                          
     00001AE3  __divschar                         
     00001AEA  __div8                             
     00001AEE  __div_signexte                     
     00001AF2  __div16                            
     00001B18  __get_remainder                    
     00001B22  __divuint                          
     00001B2A  __divuchar                         
     00001B31  __divu8                            
     00001B34  __divu16                           
     00001B63  ___sdcc_call_hl                    
     00001B64  dc_mode0_ct                        cpct_strings
ASxxxx Linker V03.00 + NoICE + sdld,  page 3.
Hexadecimal  [32-Bits]

Area                                    Addr        Size        Decimal Bytes (Attributes)
--------------------------------        ----        ----        ------- ----- ------------
_CODE                               00000300    00001883 =        6275. bytes (REL,CON)

      Value  Global                              Global Defined In Module
      -----  --------------------------------   ------------------------
     00001B74  _strlen                            
ASxxxx Linker V03.00 + NoICE + sdld,  page 4.
Hexadecimal  [32-Bits]

Area                                    Addr        Size        Decimal Bytes (Attributes)
--------------------------------        ----        ----        ------- ----- ------------
_DATA                               00001B83    00000006 =           6. bytes (REL,CON)

      Value  Global                              Global Defined In Module
      -----  --------------------------------   ------------------------
     00001B83  _pause                             main
     00001B84  _g_nInterrupt                      main
     00001B85  _i_time                            main
ASxxxx Linker V03.00 + NoICE + sdld,  page 5.
Hexadecimal  [32-Bits]

Area                                    Addr        Size        Decimal Bytes (Attributes)
--------------------------------        ----        ----        ------- ----- ------------
_HOME                               00001B89    0000084D =        2125. bytes (REL,CON)

      Value  Global                              Global Defined In Module
      -----  --------------------------------   ------------------------
     00001B89  ___fsmul                           _fsmul
     00001EEE  ___fs2sint                         _fs2sint
     00001F3E  ___uchar2fs                        _uchar2fs
     00001F50  __mullong                          _mullong
     000020CC  ___fs2slong                        _fs2slong
     00002149  ___fs2ulong                        _fs2ulong
     000021FB  ___ulong2fs                        _ulong2fs
     000022DB  ___fslt                            _fslt

ASxxxx Linker V03.00 + NoICE + sdld,  page 6.
Hexadecimal  [32-Bits]

Area                                    Addr        Size        Decimal Bytes (Attributes)
--------------------------------        ----        ----        ------- ----- ------------
_g_tablatrans_0                     00000000    00000100 =         256. bytes (ABS,CON)

      Value  Global                              Global Defined In Module
      -----  --------------------------------   ------------------------
     00000200  _g_tablatrans                      main

ASxxxx Linker V03.00 + NoICE + sdld,  page 7.
Hexadecimal  [32-Bits]

Area                                    Addr        Size        Decimal Bytes (Attributes)
--------------------------------        ----        ----        ------- ----- ------------
_CSEG                               000023D6    0000080A =        2058. bytes (REL,CON)

      Value  Global                              Global Defined In Module
      -----  --------------------------------   ------------------------
     000023D6  _myInterruptHandler                main
     00002402  _wp                                main
     0000240A  _eraseCharacter                    main
     00002449  _printCharacter                    main
     000024FA  _printWayPoints                    main
     00002541  _eraseDebugInfo                    main
     00002561  _printDebugInfo                    main
     000027D4  _getCharacterInput                 main
     000028A0  _motionUpdate                      main
     000029C8  _updateCharacter                   main
     00002ADB  _init                              main
     00002B70  _main                              main
ASxxxx Linker V03.00 + NoICE + sdld,  page 8.

Files Linked                              [ module(s) ]

obj/main.rel                              [ main ]
obj/util/trig.rel                         [ trig ]
obj/util/util.rel                         [ util ]
obj/sprites/font_chars.rel                [ font_chars ]
obj/text/text.rel                         [ text ]


Libraries Linked                          [ object file ]

/Users/david/Documents/retro/proyectos/cpctelera/cpctelera/cpctelera.lib
                                          [ cpct_isKeyPressed.rel ]
/Users/david/Documents/retro/proyectos/cpctelera/cpctelera/cpctelera.lib
                                          [ cpct_scanKeyboard_f.rel ]
/Users/david/Documents/retro/proyectos/cpctelera/cpctelera/tools/sdcc-3.6.8-r9946/bin/../share/sdcc/lib/z80/z80.lib
                                          [ _fsmul.rel ]
/Users/david/Documents/retro/proyectos/cpctelera/cpctelera/cpctelera.lib
                                          [ cpct_drawSprite_cbindings.rel ]
/Users/david/Documents/retro/proyectos/cpctelera/cpctelera/tools/sdcc-3.6.8-r9946/bin/../share/sdcc/lib/z80/z80.lib
                                          [ abs.rel ]
/Users/david/Documents/retro/proyectos/cpctelera/cpctelera/cpctelera.lib
                                          [ keyboard.rel ]
/Users/david/Documents/retro/proyectos/cpctelera/cpctelera/tools/sdcc-3.6.8-r9946/bin/../share/sdcc/lib/z80/z80.lib
                                          [ mul.rel ]
/Users/david/Documents/retro/proyectos/cpctelera/cpctelera/cpctelera.lib
                                          [ cpct_waitHalts_cbindings.rel ]
/Users/david/Documents/retro/proyectos/cpctelera/cpctelera/tools/sdcc-3.6.8-r9946/bin/../share/sdcc/lib/z80/z80.lib
                                          [ sprintf.rel ]
/Users/david/Documents/retro/proyectos/cpctelera/cpctelera/tools/sdcc-3.6.8-r9946/bin/../share/sdcc/lib/z80/z80.lib
                                          [ _fs2sint.rel ]
/Users/david/Documents/retro/proyectos/cpctelera/cpctelera/cpctelera.lib
                                          [ cpct_isAnyKeyPressed.rel ]
/Users/david/Documents/retro/proyectos/cpctelera/cpctelera/cpctelera.lib
                                          [ cpct_setVideoMode_cbindings.rel ]
/Users/david/Documents/retro/proyectos/cpctelera/cpctelera/cpctelera.lib
                                          [ cpct_px2byteM0_cbindings.rel ]
/Users/david/Documents/retro/proyectos/cpctelera/cpctelera/cpctelera.lib
                                          [ cpct_drawSolidBox_cbindings.rel ]
/Users/david/Documents/retro/proyectos/cpctelera/cpctelera/tools/sdcc-3.6.8-r9946/bin/../share/sdcc/lib/z80/z80.lib
                                          [ _uchar2fs.rel ]
/Users/david/Documents/retro/proyectos/cpctelera/cpctelera/tools/sdcc-3.6.8-r9946/bin/../share/sdcc/lib/z80/z80.lib
                                          [ _mullong.rel ]
/Users/david/Documents/retro/proyectos/cpctelera/cpctelera/tools/sdcc-3.6.8-r9946/bin/../share/sdcc/lib/z80/z80.lib
                                          [ modsigned.rel ]
/Users/david/Documents/retro/proyectos/cpctelera/cpctelera/cpctelera.lib
                                          [ cpc_mode_rom_status.rel ]
/Users/david/Documents/retro/proyectos/cpctelera/cpctelera/cpctelera.lib
                                          [ cpct_drawSpriteMaskedAlignedTabl ]
/Users/david/Documents/retro/proyectos/cpctelera/cpctelera/cpctelera.lib
                                          [ cpct_getScreenPtr_cbindings.rel ]
/Users/david/Documents/retro/proyectos/cpctelera/cpctelera/cpctelera.lib
                                          [ cpct_setInterruptHandler.rel ]
/Users/david/Documents/retro/proyectos/cpctelera/cpctelera/tools/sdcc-3.6.8-r9946/bin/../share/sdcc/lib/z80/z80.lib
                                          [ _fs2slong.rel ]
/Users/david/Documents/retro/proyectos/cpctelera/cpctelera/tools/sdcc-3.6.8-r9946/bin/../share/sdcc/lib/z80/z80.lib
                                          [ _fs2ulong.rel ]
/Users/david/Documents/retro/proyectos/cpctelera/cpctelera/tools/sdcc-3.6.8-r9946/bin/../share/sdcc/lib/z80/z80.lib
                                          [ _ulong2fs.rel ]
/Users/david/Documents/retro/proyectos/cpctelera/cpctelera/tools/sdcc-3.6.8-r9946/bin/../share/sdcc/lib/z80/z80.lib
                                          [ printf_large.rel ]
/Users/david/Documents/retro/proyectos/cpctelera/cpctelera/tools/sdcc-3.6.8-r9946/bin/../share/sdcc/lib/z80/z80.lib
                                          [ divsigned.rel ]
/Users/david/Documents/retro/proyectos/cpctelera/cpctelera/tools/sdcc-3.6.8-r9946/bin/../share/sdcc/lib/z80/z80.lib
                                          [ _fslt.rel ]
/Users/david/Documents/retro/proyectos/cpctelera/cpctelera/tools/sdcc-3.6.8-r9946/bin/../share/sdcc/lib/z80/z80.lib
                                          [ divunsigned.rel ]
/Users/david/Documents/retro/proyectos/cpctelera/cpctelera/tools/sdcc-3.6.8-r9946/bin/../share/sdcc/lib/z80/z80.lib
                                          [ __sdcc_call_hl.rel ]
/Users/david/Documents/retro/proyectos/cpctelera/cpctelera/cpctelera.lib
                                          [ cpct_dc_mode0_ct.rel ]
/Users/david/Documents/retro/proyectos/cpctelera/cpctelera/tools/sdcc-3.6.8-r9946/bin/../share/sdcc/lib/z80/z80.lib
                                          [ strlen.rel ]

ASxxxx Linker V03.00 + NoICE + sdld,  page 9.

User Base Address Definitions

_CODE = 0x0300
_DATA = 0x0000

